// Jest Snapshot v1, https://goo.gl/fbAQLP

exports[`PadEditor it should render the PadEditor component 1`] = `
<div>
  <div
    class="PadEditor"
  >
    <form>
      <input
        name="title"
        placeholder="Pad title"
        type="text"
        value=""
      />
      <input
        accept="audio/*"
        name="audio"
        type="file"
      />
    </form>
  </div>
</div>
`;
