// Jest Snapshot v1, https://goo.gl/fbAQLP

exports[`PadEditor it should render the PadEditor component 1`] = `
<body>
  <div>
    <div
      class="PadEditor"
    >
      <form>
        <input
          placeholder="Pad title"
          type="text"
        />
      </form>
      PadEditor Component
    </div>
  </div>
</body>
`;
